// Jest Snapshot v1, https://goo.gl/fbAQLP

exports[` 1`] = `
<BrowserRouter>
  <Router
    history={
      Object {
        "action": "POP",
        "block": [Function],
        "createHref": [Function],
        "go": [Function],
        "goBack": [Function],
        "goForward": [Function],
        "length": 1,
        "listen": [Function],
        "location": Object {
          "hash": "",
          "pathname": "/",
          "search": "",
          "state": undefined,
        },
        "push": [Function],
        "replace": [Function],
      }
    }
  >
    <MemoryRouter
      initialEntries={
        Array [
          Object {
            "data": Object {
              "bitrate": 0,
              "changeuuid": "11f6ad74-ce58-11e8-a54a-52543be04c81",
              "clickcount": 365,
              "clicktimestamp": "2020-11-02 19:53:07",
              "clicktrend": 6,
              "codec": "MP3",
              "country": "Kenya",
              "countrycode": "KE",
              "favicon": "http://www.mediamaxnetwork.co.ke/wp-content/uploads/2018/10/Kameme-Fm.jpg",
              "hls": 0,
              "homepage": "http://www.mediamaxnetwork.co.ke/kameme-radio/",
              "language": "kikuyu",
              "lastchangetime": "2020-01-23 20:40:49",
              "lastcheckok": 1,
              "lastcheckoktime": "2020-11-02 17:43:48",
              "lastchecktime": "2020-11-02 17:43:48",
              "lastlocalchecktime": "2020-11-02 03:04:47",
              "name": "Kameme fm",
              "state": "Nairobi",
              "stationuuid": "11f6ad62-ce58-11e8-a54a-52543be04c81",
              "tags": "",
              "url": "http://www.surfmusic.de/m3u/kameme-101-1-fm,3473.m3u",
              "url_resolved": "http://node-25.zeno.fm/frsvy955puquv?rj-ttl=5&rj-tok=AAABdYoRToUA6Jk3ZJSBrvz1uQ",
              "votes": 122,
            },
            "hash": "",
            "key": "1",
            "pathname": "",
            "search": "",
            "state": "",
            "stationNames": Array [
              Object {
                "bitrate": 0,
                "changeuuid": "11f6ad74-ce58-11e8-a54a-52543be04c81",
                "clickcount": 365,
                "clicktimestamp": "2020-11-02 19:53:07",
                "clicktrend": 6,
                "codec": "MP3",
                "country": "Kenya",
                "countrycode": "KE",
                "favicon": "http://www.mediamaxnetwork.co.ke/wp-content/uploads/2018/10/Kameme-Fm.jpg",
                "hls": 0,
                "homepage": "http://www.mediamaxnetwork.co.ke/kameme-radio/",
                "language": "kikuyu",
                "lastchangetime": "2020-01-23 20:40:49",
                "lastcheckok": 1,
                "lastcheckoktime": "2020-11-02 17:43:48",
                "lastchecktime": "2020-11-02 17:43:48",
                "lastlocalchecktime": "2020-11-02 03:04:47",
                "name": "Kameme fm",
                "state": "Nairobi",
                "stationuuid": "11f6ad62-ce58-11e8-a54a-52543be04c81",
                "tags": "",
                "url": "http://www.surfmusic.de/m3u/kameme-101-1-fm,3473.m3u",
                "url_resolved": "http://node-25.zeno.fm/frsvy955puquv?rj-ttl=5&rj-tok=AAABdYoRToUA6Jk3ZJSBrvz1uQ",
                "votes": 122,
              },
              Object {
                "bitrate": 0,
                "changeuuid": "11f6ad74-ce58-11e8-a54a-52543be04c81",
                "clickcount": 365,
                "clicktimestamp": "2020-11-02 19:53:07",
                "clicktrend": 6,
                "codec": "MP3",
                "country": "Kenya",
                "countrycode": "KE",
                "favicon": "http://www.mediamaxnetwork.co.ke/wp-content/uploads/2018/10/Kameme-Fm.jpg",
                "hls": 0,
                "homepage": "http://www.mediamaxnetwork.co.ke/kameme-radio/",
                "language": "kikuyu",
                "lastchangetime": "2020-01-23 20:40:49",
                "lastcheckok": 1,
                "lastcheckoktime": "2020-11-02 17:43:48",
                "lastchecktime": "2020-11-02 17:43:48",
                "lastlocalchecktime": "2020-11-02 03:04:47",
                "name": "Kameme fm",
                "state": "Nairobi",
                "stationuuid": "11f6ad62-ce58-11e8-a54a-52543be04c81",
                "tags": "",
                "url": "http://www.surfmusic.de/m3u/kameme-101-1-fm,3473.m3u",
                "url_resolved": "http://node-25.zeno.fm/frsvy955puquv?rj-ttl=5&rj-tok=AAABdYoRToUA6Jk3ZJSBrvz1uQ",
                "votes": 122,
              },
              Object {
                "bitrate": 0,
                "changeuuid": "11f6ad74-ce58-11e8-a54a-52543be04c81",
                "clickcount": 365,
                "clicktimestamp": "2020-11-02 19:53:07",
                "clicktrend": 6,
                "codec": "MP3",
                "country": "Kenya",
                "countrycode": "KE",
                "favicon": "http://www.mediamaxnetwork.co.ke/wp-content/uploads/2018/10/Kameme-Fm.jpg",
                "hls": 0,
                "homepage": "http://www.mediamaxnetwork.co.ke/kameme-radio/",
                "language": "kikuyu",
                "lastchangetime": "2020-01-23 20:40:49",
                "lastcheckok": 1,
                "lastcheckoktime": "2020-11-02 17:43:48",
                "lastchecktime": "2020-11-02 17:43:48",
                "lastlocalchecktime": "2020-11-02 03:04:47",
                "name": "Kameme fm",
                "state": "Nairobi",
                "stationuuid": "11f6ad62-ce58-11e8-a54a-52543be04c81",
                "tags": "",
                "url": "http://www.surfmusic.de/m3u/kameme-101-1-fm,3473.m3u",
                "url_resolved": "http://node-25.zeno.fm/frsvy955puquv?rj-ttl=5&rj-tok=AAABdYoRToUA6Jk3ZJSBrvz1uQ",
                "votes": 122,
              },
              Object {
                "bitrate": 0,
                "changeuuid": "11f6ad74-ce58-11e8-a54a-52543be04c81",
                "clickcount": 365,
                "clicktimestamp": "2020-11-02 19:53:07",
                "clicktrend": 6,
                "codec": "MP3",
                "country": "Kenya",
                "countrycode": "KE",
                "favicon": "http://www.mediamaxnetwork.co.ke/wp-content/uploads/2018/10/Kameme-Fm.jpg",
                "hls": 0,
                "homepage": "http://www.mediamaxnetwork.co.ke/kameme-radio/",
                "language": "kikuyu",
                "lastchangetime": "2020-01-23 20:40:49",
                "lastcheckok": 1,
                "lastcheckoktime": "2020-11-02 17:43:48",
                "lastchecktime": "2020-11-02 17:43:48",
                "lastlocalchecktime": "2020-11-02 03:04:47",
                "name": "Kameme fm",
                "state": "Nairobi",
                "stationuuid": "11f6ad62-ce58-11e8-a54a-52543be04c81",
                "tags": "",
                "url": "http://www.surfmusic.de/m3u/kameme-101-1-fm,3473.m3u",
                "url_resolved": "http://node-25.zeno.fm/frsvy955puquv?rj-ttl=5&rj-tok=AAABdYoRToUA6Jk3ZJSBrvz1uQ",
                "votes": 122,
              },
              Object {
                "bitrate": 0,
                "changeuuid": "11f6ad74-ce58-11e8-a54a-52543be04c81",
                "clickcount": 365,
                "clicktimestamp": "2020-11-02 19:53:07",
                "clicktrend": 6,
                "codec": "MP3",
                "country": "Kenya",
                "countrycode": "KE",
                "favicon": "http://www.mediamaxnetwork.co.ke/wp-content/uploads/2018/10/Kameme-Fm.jpg",
                "hls": 0,
                "homepage": "http://www.mediamaxnetwork.co.ke/kameme-radio/",
                "language": "kikuyu",
                "lastchangetime": "2020-01-23 20:40:49",
                "lastcheckok": 1,
                "lastcheckoktime": "2020-11-02 17:43:48",
                "lastchecktime": "2020-11-02 17:43:48",
                "lastlocalchecktime": "2020-11-02 03:04:47",
                "name": "Kameme fm",
                "state": "Nairobi",
                "stationuuid": "11f6ad62-ce58-11e8-a54a-52543be04c81",
                "tags": "",
                "url": "http://www.surfmusic.de/m3u/kameme-101-1-fm,3473.m3u",
                "url_resolved": "http://node-25.zeno.fm/frsvy955puquv?rj-ttl=5&rj-tok=AAABdYoRToUA6Jk3ZJSBrvz1uQ",
                "votes": 122,
              },
            ],
            "stationUrls": Array [
              Object {
                "bitrate": 0,
                "changeuuid": "11f6ad74-ce58-11e8-a54a-52543be04c81",
                "clickcount": 365,
                "clicktimestamp": "2020-11-02 19:53:07",
                "clicktrend": 6,
                "codec": "MP3",
                "country": "Kenya",
                "countrycode": "KE",
                "favicon": "http://www.mediamaxnetwork.co.ke/wp-content/uploads/2018/10/Kameme-Fm.jpg",
                "hls": 0,
                "homepage": "http://www.mediamaxnetwork.co.ke/kameme-radio/",
                "language": "kikuyu",
                "lastchangetime": "2020-01-23 20:40:49",
                "lastcheckok": 1,
                "lastcheckoktime": "2020-11-02 17:43:48",
                "lastchecktime": "2020-11-02 17:43:48",
                "lastlocalchecktime": "2020-11-02 03:04:47",
                "name": "Kameme fm",
                "state": "Nairobi",
                "stationuuid": "11f6ad62-ce58-11e8-a54a-52543be04c81",
                "tags": "",
                "url": "http://www.surfmusic.de/m3u/kameme-101-1-fm,3473.m3u",
                "url_resolved": "http://node-25.zeno.fm/frsvy955puquv?rj-ttl=5&rj-tok=AAABdYoRToUA6Jk3ZJSBrvz1uQ",
                "votes": 122,
              },
              Object {
                "bitrate": 0,
                "changeuuid": "11f6ad74-ce58-11e8-a54a-52543be04c81",
                "clickcount": 365,
                "clicktimestamp": "2020-11-02 19:53:07",
                "clicktrend": 6,
                "codec": "MP3",
                "country": "Kenya",
                "countrycode": "KE",
                "favicon": "http://www.mediamaxnetwork.co.ke/wp-content/uploads/2018/10/Kameme-Fm.jpg",
                "hls": 0,
                "homepage": "http://www.mediamaxnetwork.co.ke/kameme-radio/",
                "language": "kikuyu",
                "lastchangetime": "2020-01-23 20:40:49",
                "lastcheckok": 1,
                "lastcheckoktime": "2020-11-02 17:43:48",
                "lastchecktime": "2020-11-02 17:43:48",
                "lastlocalchecktime": "2020-11-02 03:04:47",
                "name": "Kameme fm",
                "state": "Nairobi",
                "stationuuid": "11f6ad62-ce58-11e8-a54a-52543be04c81",
                "tags": "",
                "url": "http://www.surfmusic.de/m3u/kameme-101-1-fm,3473.m3u",
                "url_resolved": "http://node-25.zeno.fm/frsvy955puquv?rj-ttl=5&rj-tok=AAABdYoRToUA6Jk3ZJSBrvz1uQ",
                "votes": 122,
              },
              Object {
                "bitrate": 0,
                "changeuuid": "11f6ad74-ce58-11e8-a54a-52543be04c81",
                "clickcount": 365,
                "clicktimestamp": "2020-11-02 19:53:07",
                "clicktrend": 6,
                "codec": "MP3",
                "country": "Kenya",
                "countrycode": "KE",
                "favicon": "http://www.mediamaxnetwork.co.ke/wp-content/uploads/2018/10/Kameme-Fm.jpg",
                "hls": 0,
                "homepage": "http://www.mediamaxnetwork.co.ke/kameme-radio/",
                "language": "kikuyu",
                "lastchangetime": "2020-01-23 20:40:49",
                "lastcheckok": 1,
                "lastcheckoktime": "2020-11-02 17:43:48",
                "lastchecktime": "2020-11-02 17:43:48",
                "lastlocalchecktime": "2020-11-02 03:04:47",
                "name": "Kameme fm",
                "state": "Nairobi",
                "stationuuid": "11f6ad62-ce58-11e8-a54a-52543be04c81",
                "tags": "",
                "url": "http://www.surfmusic.de/m3u/kameme-101-1-fm,3473.m3u",
                "url_resolved": "http://node-25.zeno.fm/frsvy955puquv?rj-ttl=5&rj-tok=AAABdYoRToUA6Jk3ZJSBrvz1uQ",
                "votes": 122,
              },
              Object {
                "bitrate": 0,
                "changeuuid": "11f6ad74-ce58-11e8-a54a-52543be04c81",
                "clickcount": 365,
                "clicktimestamp": "2020-11-02 19:53:07",
                "clicktrend": 6,
                "codec": "MP3",
                "country": "Kenya",
                "countrycode": "KE",
                "favicon": "http://www.mediamaxnetwork.co.ke/wp-content/uploads/2018/10/Kameme-Fm.jpg",
                "hls": 0,
                "homepage": "http://www.mediamaxnetwork.co.ke/kameme-radio/",
                "language": "kikuyu",
                "lastchangetime": "2020-01-23 20:40:49",
                "lastcheckok": 1,
                "lastcheckoktime": "2020-11-02 17:43:48",
                "lastchecktime": "2020-11-02 17:43:48",
                "lastlocalchecktime": "2020-11-02 03:04:47",
                "name": "Kameme fm",
                "state": "Nairobi",
                "stationuuid": "11f6ad62-ce58-11e8-a54a-52543be04c81",
                "tags": "",
                "url": "http://www.surfmusic.de/m3u/kameme-101-1-fm,3473.m3u",
                "url_resolved": "http://node-25.zeno.fm/frsvy955puquv?rj-ttl=5&rj-tok=AAABdYoRToUA6Jk3ZJSBrvz1uQ",
                "votes": 122,
              },
              Object {
                "bitrate": 0,
                "changeuuid": "11f6ad74-ce58-11e8-a54a-52543be04c81",
                "clickcount": 365,
                "clicktimestamp": "2020-11-02 19:53:07",
                "clicktrend": 6,
                "codec": "MP3",
                "country": "Kenya",
                "countrycode": "KE",
                "favicon": "http://www.mediamaxnetwork.co.ke/wp-content/uploads/2018/10/Kameme-Fm.jpg",
                "hls": 0,
                "homepage": "http://www.mediamaxnetwork.co.ke/kameme-radio/",
                "language": "kikuyu",
                "lastchangetime": "2020-01-23 20:40:49",
                "lastcheckok": 1,
                "lastcheckoktime": "2020-11-02 17:43:48",
                "lastchecktime": "2020-11-02 17:43:48",
                "lastlocalchecktime": "2020-11-02 03:04:47",
                "name": "Kameme fm",
                "state": "Nairobi",
                "stationuuid": "11f6ad62-ce58-11e8-a54a-52543be04c81",
                "tags": "",
                "url": "http://www.surfmusic.de/m3u/kameme-101-1-fm,3473.m3u",
                "url_resolved": "http://node-25.zeno.fm/frsvy955puquv?rj-ttl=5&rj-tok=AAABdYoRToUA6Jk3ZJSBrvz1uQ",
                "votes": 122,
              },
            ],
          },
        ]
      }
    >
      <Router
        history={
          Object {
            "action": "POP",
            "block": [Function],
            "canGo": [Function],
            "createHref": [Function],
            "entries": Array [
              Object {
                "data": Object {
                  "bitrate": 0,
                  "changeuuid": "11f6ad74-ce58-11e8-a54a-52543be04c81",
                  "clickcount": 365,
                  "clicktimestamp": "2020-11-02 19:53:07",
                  "clicktrend": 6,
                  "codec": "MP3",
                  "country": "Kenya",
                  "countrycode": "KE",
                  "favicon": "http://www.mediamaxnetwork.co.ke/wp-content/uploads/2018/10/Kameme-Fm.jpg",
                  "hls": 0,
                  "homepage": "http://www.mediamaxnetwork.co.ke/kameme-radio/",
                  "language": "kikuyu",
                  "lastchangetime": "2020-01-23 20:40:49",
                  "lastcheckok": 1,
                  "lastcheckoktime": "2020-11-02 17:43:48",
                  "lastchecktime": "2020-11-02 17:43:48",
                  "lastlocalchecktime": "2020-11-02 03:04:47",
                  "name": "Kameme fm",
                  "state": "Nairobi",
                  "stationuuid": "11f6ad62-ce58-11e8-a54a-52543be04c81",
                  "tags": "",
                  "url": "http://www.surfmusic.de/m3u/kameme-101-1-fm,3473.m3u",
                  "url_resolved": "http://node-25.zeno.fm/frsvy955puquv?rj-ttl=5&rj-tok=AAABdYoRToUA6Jk3ZJSBrvz1uQ",
                  "votes": 122,
                },
                "hash": "",
                "key": "1",
                "pathname": "/",
                "search": "",
                "state": "",
                "stationNames": Array [
                  Object {
                    "bitrate": 0,
                    "changeuuid": "11f6ad74-ce58-11e8-a54a-52543be04c81",
                    "clickcount": 365,
                    "clicktimestamp": "2020-11-02 19:53:07",
                    "clicktrend": 6,
                    "codec": "MP3",
                    "country": "Kenya",
                    "countrycode": "KE",
                    "favicon": "http://www.mediamaxnetwork.co.ke/wp-content/uploads/2018/10/Kameme-Fm.jpg",
                    "hls": 0,
                    "homepage": "http://www.mediamaxnetwork.co.ke/kameme-radio/",
                    "language": "kikuyu",
                    "lastchangetime": "2020-01-23 20:40:49",
                    "lastcheckok": 1,
                    "lastcheckoktime": "2020-11-02 17:43:48",
                    "lastchecktime": "2020-11-02 17:43:48",
                    "lastlocalchecktime": "2020-11-02 03:04:47",
                    "name": "Kameme fm",
                    "state": "Nairobi",
                    "stationuuid": "11f6ad62-ce58-11e8-a54a-52543be04c81",
                    "tags": "",
                    "url": "http://www.surfmusic.de/m3u/kameme-101-1-fm,3473.m3u",
                    "url_resolved": "http://node-25.zeno.fm/frsvy955puquv?rj-ttl=5&rj-tok=AAABdYoRToUA6Jk3ZJSBrvz1uQ",
                    "votes": 122,
                  },
                  Object {
                    "bitrate": 0,
                    "changeuuid": "11f6ad74-ce58-11e8-a54a-52543be04c81",
                    "clickcount": 365,
                    "clicktimestamp": "2020-11-02 19:53:07",
                    "clicktrend": 6,
                    "codec": "MP3",
                    "country": "Kenya",
                    "countrycode": "KE",
                    "favicon": "http://www.mediamaxnetwork.co.ke/wp-content/uploads/2018/10/Kameme-Fm.jpg",
                    "hls": 0,
                    "homepage": "http://www.mediamaxnetwork.co.ke/kameme-radio/",
                    "language": "kikuyu",
                    "lastchangetime": "2020-01-23 20:40:49",
                    "lastcheckok": 1,
                    "lastcheckoktime": "2020-11-02 17:43:48",
                    "lastchecktime": "2020-11-02 17:43:48",
                    "lastlocalchecktime": "2020-11-02 03:04:47",
                    "name": "Kameme fm",
                    "state": "Nairobi",
                    "stationuuid": "11f6ad62-ce58-11e8-a54a-52543be04c81",
                    "tags": "",
                    "url": "http://www.surfmusic.de/m3u/kameme-101-1-fm,3473.m3u",
                    "url_resolved": "http://node-25.zeno.fm/frsvy955puquv?rj-ttl=5&rj-tok=AAABdYoRToUA6Jk3ZJSBrvz1uQ",
                    "votes": 122,
                  },
                  Object {
                    "bitrate": 0,
                    "changeuuid": "11f6ad74-ce58-11e8-a54a-52543be04c81",
                    "clickcount": 365,
                    "clicktimestamp": "2020-11-02 19:53:07",
                    "clicktrend": 6,
                    "codec": "MP3",
                    "country": "Kenya",
                    "countrycode": "KE",
                    "favicon": "http://www.mediamaxnetwork.co.ke/wp-content/uploads/2018/10/Kameme-Fm.jpg",
                    "hls": 0,
                    "homepage": "http://www.mediamaxnetwork.co.ke/kameme-radio/",
                    "language": "kikuyu",
                    "lastchangetime": "2020-01-23 20:40:49",
                    "lastcheckok": 1,
                    "lastcheckoktime": "2020-11-02 17:43:48",
                    "lastchecktime": "2020-11-02 17:43:48",
                    "lastlocalchecktime": "2020-11-02 03:04:47",
                    "name": "Kameme fm",
                    "state": "Nairobi",
                    "stationuuid": "11f6ad62-ce58-11e8-a54a-52543be04c81",
                    "tags": "",
                    "url": "http://www.surfmusic.de/m3u/kameme-101-1-fm,3473.m3u",
                    "url_resolved": "http://node-25.zeno.fm/frsvy955puquv?rj-ttl=5&rj-tok=AAABdYoRToUA6Jk3ZJSBrvz1uQ",
                    "votes": 122,
                  },
                  Object {
                    "bitrate": 0,
                    "changeuuid": "11f6ad74-ce58-11e8-a54a-52543be04c81",
                    "clickcount": 365,
                    "clicktimestamp": "2020-11-02 19:53:07",
                    "clicktrend": 6,
                    "codec": "MP3",
                    "country": "Kenya",
                    "countrycode": "KE",
                    "favicon": "http://www.mediamaxnetwork.co.ke/wp-content/uploads/2018/10/Kameme-Fm.jpg",
                    "hls": 0,
                    "homepage": "http://www.mediamaxnetwork.co.ke/kameme-radio/",
                    "language": "kikuyu",
                    "lastchangetime": "2020-01-23 20:40:49",
                    "lastcheckok": 1,
                    "lastcheckoktime": "2020-11-02 17:43:48",
                    "lastchecktime": "2020-11-02 17:43:48",
                    "lastlocalchecktime": "2020-11-02 03:04:47",
                    "name": "Kameme fm",
                    "state": "Nairobi",
                    "stationuuid": "11f6ad62-ce58-11e8-a54a-52543be04c81",
                    "tags": "",
                    "url": "http://www.surfmusic.de/m3u/kameme-101-1-fm,3473.m3u",
                    "url_resolved": "http://node-25.zeno.fm/frsvy955puquv?rj-ttl=5&rj-tok=AAABdYoRToUA6Jk3ZJSBrvz1uQ",
                    "votes": 122,
                  },
                  Object {
                    "bitrate": 0,
                    "changeuuid": "11f6ad74-ce58-11e8-a54a-52543be04c81",
                    "clickcount": 365,
                    "clicktimestamp": "2020-11-02 19:53:07",
                    "clicktrend": 6,
                    "codec": "MP3",
                    "country": "Kenya",
                    "countrycode": "KE",
                    "favicon": "http://www.mediamaxnetwork.co.ke/wp-content/uploads/2018/10/Kameme-Fm.jpg",
                    "hls": 0,
                    "homepage": "http://www.mediamaxnetwork.co.ke/kameme-radio/",
                    "language": "kikuyu",
                    "lastchangetime": "2020-01-23 20:40:49",
                    "lastcheckok": 1,
                    "lastcheckoktime": "2020-11-02 17:43:48",
                    "lastchecktime": "2020-11-02 17:43:48",
                    "lastlocalchecktime": "2020-11-02 03:04:47",
                    "name": "Kameme fm",
                    "state": "Nairobi",
                    "stationuuid": "11f6ad62-ce58-11e8-a54a-52543be04c81",
                    "tags": "",
                    "url": "http://www.surfmusic.de/m3u/kameme-101-1-fm,3473.m3u",
                    "url_resolved": "http://node-25.zeno.fm/frsvy955puquv?rj-ttl=5&rj-tok=AAABdYoRToUA6Jk3ZJSBrvz1uQ",
                    "votes": 122,
                  },
                ],
                "stationUrls": Array [
                  Object {
                    "bitrate": 0,
                    "changeuuid": "11f6ad74-ce58-11e8-a54a-52543be04c81",
                    "clickcount": 365,
                    "clicktimestamp": "2020-11-02 19:53:07",
                    "clicktrend": 6,
                    "codec": "MP3",
                    "country": "Kenya",
                    "countrycode": "KE",
                    "favicon": "http://www.mediamaxnetwork.co.ke/wp-content/uploads/2018/10/Kameme-Fm.jpg",
                    "hls": 0,
                    "homepage": "http://www.mediamaxnetwork.co.ke/kameme-radio/",
                    "language": "kikuyu",
                    "lastchangetime": "2020-01-23 20:40:49",
                    "lastcheckok": 1,
                    "lastcheckoktime": "2020-11-02 17:43:48",
                    "lastchecktime": "2020-11-02 17:43:48",
                    "lastlocalchecktime": "2020-11-02 03:04:47",
                    "name": "Kameme fm",
                    "state": "Nairobi",
                    "stationuuid": "11f6ad62-ce58-11e8-a54a-52543be04c81",
                    "tags": "",
                    "url": "http://www.surfmusic.de/m3u/kameme-101-1-fm,3473.m3u",
                    "url_resolved": "http://node-25.zeno.fm/frsvy955puquv?rj-ttl=5&rj-tok=AAABdYoRToUA6Jk3ZJSBrvz1uQ",
                    "votes": 122,
                  },
                  Object {
                    "bitrate": 0,
                    "changeuuid": "11f6ad74-ce58-11e8-a54a-52543be04c81",
                    "clickcount": 365,
                    "clicktimestamp": "2020-11-02 19:53:07",
                    "clicktrend": 6,
                    "codec": "MP3",
                    "country": "Kenya",
                    "countrycode": "KE",
                    "favicon": "http://www.mediamaxnetwork.co.ke/wp-content/uploads/2018/10/Kameme-Fm.jpg",
                    "hls": 0,
                    "homepage": "http://www.mediamaxnetwork.co.ke/kameme-radio/",
                    "language": "kikuyu",
                    "lastchangetime": "2020-01-23 20:40:49",
                    "lastcheckok": 1,
                    "lastcheckoktime": "2020-11-02 17:43:48",
                    "lastchecktime": "2020-11-02 17:43:48",
                    "lastlocalchecktime": "2020-11-02 03:04:47",
                    "name": "Kameme fm",
                    "state": "Nairobi",
                    "stationuuid": "11f6ad62-ce58-11e8-a54a-52543be04c81",
                    "tags": "",
                    "url": "http://www.surfmusic.de/m3u/kameme-101-1-fm,3473.m3u",
                    "url_resolved": "http://node-25.zeno.fm/frsvy955puquv?rj-ttl=5&rj-tok=AAABdYoRToUA6Jk3ZJSBrvz1uQ",
                    "votes": 122,
                  },
                  Object {
                    "bitrate": 0,
                    "changeuuid": "11f6ad74-ce58-11e8-a54a-52543be04c81",
                    "clickcount": 365,
                    "clicktimestamp": "2020-11-02 19:53:07",
                    "clicktrend": 6,
                    "codec": "MP3",
                    "country": "Kenya",
                    "countrycode": "KE",
                    "favicon": "http://www.mediamaxnetwork.co.ke/wp-content/uploads/2018/10/Kameme-Fm.jpg",
                    "hls": 0,
                    "homepage": "http://www.mediamaxnetwork.co.ke/kameme-radio/",
                    "language": "kikuyu",
                    "lastchangetime": "2020-01-23 20:40:49",
                    "lastcheckok": 1,
                    "lastcheckoktime": "2020-11-02 17:43:48",
                    "lastchecktime": "2020-11-02 17:43:48",
                    "lastlocalchecktime": "2020-11-02 03:04:47",
                    "name": "Kameme fm",
                    "state": "Nairobi",
                    "stationuuid": "11f6ad62-ce58-11e8-a54a-52543be04c81",
                    "tags": "",
                    "url": "http://www.surfmusic.de/m3u/kameme-101-1-fm,3473.m3u",
                    "url_resolved": "http://node-25.zeno.fm/frsvy955puquv?rj-ttl=5&rj-tok=AAABdYoRToUA6Jk3ZJSBrvz1uQ",
                    "votes": 122,
                  },
                  Object {
                    "bitrate": 0,
                    "changeuuid": "11f6ad74-ce58-11e8-a54a-52543be04c81",
                    "clickcount": 365,
                    "clicktimestamp": "2020-11-02 19:53:07",
                    "clicktrend": 6,
                    "codec": "MP3",
                    "country": "Kenya",
                    "countrycode": "KE",
                    "favicon": "http://www.mediamaxnetwork.co.ke/wp-content/uploads/2018/10/Kameme-Fm.jpg",
                    "hls": 0,
                    "homepage": "http://www.mediamaxnetwork.co.ke/kameme-radio/",
                    "language": "kikuyu",
                    "lastchangetime": "2020-01-23 20:40:49",
                    "lastcheckok": 1,
                    "lastcheckoktime": "2020-11-02 17:43:48",
                    "lastchecktime": "2020-11-02 17:43:48",
                    "lastlocalchecktime": "2020-11-02 03:04:47",
                    "name": "Kameme fm",
                    "state": "Nairobi",
                    "stationuuid": "11f6ad62-ce58-11e8-a54a-52543be04c81",
                    "tags": "",
                    "url": "http://www.surfmusic.de/m3u/kameme-101-1-fm,3473.m3u",
                    "url_resolved": "http://node-25.zeno.fm/frsvy955puquv?rj-ttl=5&rj-tok=AAABdYoRToUA6Jk3ZJSBrvz1uQ",
                    "votes": 122,
                  },
                  Object {
                    "bitrate": 0,
                    "changeuuid": "11f6ad74-ce58-11e8-a54a-52543be04c81",
                    "clickcount": 365,
                    "clicktimestamp": "2020-11-02 19:53:07",
                    "clicktrend": 6,
                    "codec": "MP3",
                    "country": "Kenya",
                    "countrycode": "KE",
                    "favicon": "http://www.mediamaxnetwork.co.ke/wp-content/uploads/2018/10/Kameme-Fm.jpg",
                    "hls": 0,
                    "homepage": "http://www.mediamaxnetwork.co.ke/kameme-radio/",
                    "language": "kikuyu",
                    "lastchangetime": "2020-01-23 20:40:49",
                    "lastcheckok": 1,
                    "lastcheckoktime": "2020-11-02 17:43:48",
                    "lastchecktime": "2020-11-02 17:43:48",
                    "lastlocalchecktime": "2020-11-02 03:04:47",
                    "name": "Kameme fm",
                    "state": "Nairobi",
                    "stationuuid": "11f6ad62-ce58-11e8-a54a-52543be04c81",
                    "tags": "",
                    "url": "http://www.surfmusic.de/m3u/kameme-101-1-fm,3473.m3u",
                    "url_resolved": "http://node-25.zeno.fm/frsvy955puquv?rj-ttl=5&rj-tok=AAABdYoRToUA6Jk3ZJSBrvz1uQ",
                    "votes": 122,
                  },
                ],
              },
            ],
            "go": [Function],
            "goBack": [Function],
            "goForward": [Function],
            "index": 0,
            "length": 1,
            "listen": [Function],
            "location": Object {
              "data": Object {
                "bitrate": 0,
                "changeuuid": "11f6ad74-ce58-11e8-a54a-52543be04c81",
                "clickcount": 365,
                "clicktimestamp": "2020-11-02 19:53:07",
                "clicktrend": 6,
                "codec": "MP3",
                "country": "Kenya",
                "countrycode": "KE",
                "favicon": "http://www.mediamaxnetwork.co.ke/wp-content/uploads/2018/10/Kameme-Fm.jpg",
                "hls": 0,
                "homepage": "http://www.mediamaxnetwork.co.ke/kameme-radio/",
                "language": "kikuyu",
                "lastchangetime": "2020-01-23 20:40:49",
                "lastcheckok": 1,
                "lastcheckoktime": "2020-11-02 17:43:48",
                "lastchecktime": "2020-11-02 17:43:48",
                "lastlocalchecktime": "2020-11-02 03:04:47",
                "name": "Kameme fm",
                "state": "Nairobi",
                "stationuuid": "11f6ad62-ce58-11e8-a54a-52543be04c81",
                "tags": "",
                "url": "http://www.surfmusic.de/m3u/kameme-101-1-fm,3473.m3u",
                "url_resolved": "http://node-25.zeno.fm/frsvy955puquv?rj-ttl=5&rj-tok=AAABdYoRToUA6Jk3ZJSBrvz1uQ",
                "votes": 122,
              },
              "hash": "",
              "key": "1",
              "pathname": "/",
              "search": "",
              "state": "",
              "stationNames": Array [
                Object {
                  "bitrate": 0,
                  "changeuuid": "11f6ad74-ce58-11e8-a54a-52543be04c81",
                  "clickcount": 365,
                  "clicktimestamp": "2020-11-02 19:53:07",
                  "clicktrend": 6,
                  "codec": "MP3",
                  "country": "Kenya",
                  "countrycode": "KE",
                  "favicon": "http://www.mediamaxnetwork.co.ke/wp-content/uploads/2018/10/Kameme-Fm.jpg",
                  "hls": 0,
                  "homepage": "http://www.mediamaxnetwork.co.ke/kameme-radio/",
                  "language": "kikuyu",
                  "lastchangetime": "2020-01-23 20:40:49",
                  "lastcheckok": 1,
                  "lastcheckoktime": "2020-11-02 17:43:48",
                  "lastchecktime": "2020-11-02 17:43:48",
                  "lastlocalchecktime": "2020-11-02 03:04:47",
                  "name": "Kameme fm",
                  "state": "Nairobi",
                  "stationuuid": "11f6ad62-ce58-11e8-a54a-52543be04c81",
                  "tags": "",
                  "url": "http://www.surfmusic.de/m3u/kameme-101-1-fm,3473.m3u",
                  "url_resolved": "http://node-25.zeno.fm/frsvy955puquv?rj-ttl=5&rj-tok=AAABdYoRToUA6Jk3ZJSBrvz1uQ",
                  "votes": 122,
                },
                Object {
                  "bitrate": 0,
                  "changeuuid": "11f6ad74-ce58-11e8-a54a-52543be04c81",
                  "clickcount": 365,
                  "clicktimestamp": "2020-11-02 19:53:07",
                  "clicktrend": 6,
                  "codec": "MP3",
                  "country": "Kenya",
                  "countrycode": "KE",
                  "favicon": "http://www.mediamaxnetwork.co.ke/wp-content/uploads/2018/10/Kameme-Fm.jpg",
                  "hls": 0,
                  "homepage": "http://www.mediamaxnetwork.co.ke/kameme-radio/",
                  "language": "kikuyu",
                  "lastchangetime": "2020-01-23 20:40:49",
                  "lastcheckok": 1,
                  "lastcheckoktime": "2020-11-02 17:43:48",
                  "lastchecktime": "2020-11-02 17:43:48",
                  "lastlocalchecktime": "2020-11-02 03:04:47",
                  "name": "Kameme fm",
                  "state": "Nairobi",
                  "stationuuid": "11f6ad62-ce58-11e8-a54a-52543be04c81",
                  "tags": "",
                  "url": "http://www.surfmusic.de/m3u/kameme-101-1-fm,3473.m3u",
                  "url_resolved": "http://node-25.zeno.fm/frsvy955puquv?rj-ttl=5&rj-tok=AAABdYoRToUA6Jk3ZJSBrvz1uQ",
                  "votes": 122,
                },
                Object {
                  "bitrate": 0,
                  "changeuuid": "11f6ad74-ce58-11e8-a54a-52543be04c81",
                  "clickcount": 365,
                  "clicktimestamp": "2020-11-02 19:53:07",
                  "clicktrend": 6,
                  "codec": "MP3",
                  "country": "Kenya",
                  "countrycode": "KE",
                  "favicon": "http://www.mediamaxnetwork.co.ke/wp-content/uploads/2018/10/Kameme-Fm.jpg",
                  "hls": 0,
                  "homepage": "http://www.mediamaxnetwork.co.ke/kameme-radio/",
                  "language": "kikuyu",
                  "lastchangetime": "2020-01-23 20:40:49",
                  "lastcheckok": 1,
                  "lastcheckoktime": "2020-11-02 17:43:48",
                  "lastchecktime": "2020-11-02 17:43:48",
                  "lastlocalchecktime": "2020-11-02 03:04:47",
                  "name": "Kameme fm",
                  "state": "Nairobi",
                  "stationuuid": "11f6ad62-ce58-11e8-a54a-52543be04c81",
                  "tags": "",
                  "url": "http://www.surfmusic.de/m3u/kameme-101-1-fm,3473.m3u",
                  "url_resolved": "http://node-25.zeno.fm/frsvy955puquv?rj-ttl=5&rj-tok=AAABdYoRToUA6Jk3ZJSBrvz1uQ",
                  "votes": 122,
                },
                Object {
                  "bitrate": 0,
                  "changeuuid": "11f6ad74-ce58-11e8-a54a-52543be04c81",
                  "clickcount": 365,
                  "clicktimestamp": "2020-11-02 19:53:07",
                  "clicktrend": 6,
                  "codec": "MP3",
                  "country": "Kenya",
                  "countrycode": "KE",
                  "favicon": "http://www.mediamaxnetwork.co.ke/wp-content/uploads/2018/10/Kameme-Fm.jpg",
                  "hls": 0,
                  "homepage": "http://www.mediamaxnetwork.co.ke/kameme-radio/",
                  "language": "kikuyu",
                  "lastchangetime": "2020-01-23 20:40:49",
                  "lastcheckok": 1,
                  "lastcheckoktime": "2020-11-02 17:43:48",
                  "lastchecktime": "2020-11-02 17:43:48",
                  "lastlocalchecktime": "2020-11-02 03:04:47",
                  "name": "Kameme fm",
                  "state": "Nairobi",
                  "stationuuid": "11f6ad62-ce58-11e8-a54a-52543be04c81",
                  "tags": "",
                  "url": "http://www.surfmusic.de/m3u/kameme-101-1-fm,3473.m3u",
                  "url_resolved": "http://node-25.zeno.fm/frsvy955puquv?rj-ttl=5&rj-tok=AAABdYoRToUA6Jk3ZJSBrvz1uQ",
                  "votes": 122,
                },
                Object {
                  "bitrate": 0,
                  "changeuuid": "11f6ad74-ce58-11e8-a54a-52543be04c81",
                  "clickcount": 365,
                  "clicktimestamp": "2020-11-02 19:53:07",
                  "clicktrend": 6,
                  "codec": "MP3",
                  "country": "Kenya",
                  "countrycode": "KE",
                  "favicon": "http://www.mediamaxnetwork.co.ke/wp-content/uploads/2018/10/Kameme-Fm.jpg",
                  "hls": 0,
                  "homepage": "http://www.mediamaxnetwork.co.ke/kameme-radio/",
                  "language": "kikuyu",
                  "lastchangetime": "2020-01-23 20:40:49",
                  "lastcheckok": 1,
                  "lastcheckoktime": "2020-11-02 17:43:48",
                  "lastchecktime": "2020-11-02 17:43:48",
                  "lastlocalchecktime": "2020-11-02 03:04:47",
                  "name": "Kameme fm",
                  "state": "Nairobi",
                  "stationuuid": "11f6ad62-ce58-11e8-a54a-52543be04c81",
                  "tags": "",
                  "url": "http://www.surfmusic.de/m3u/kameme-101-1-fm,3473.m3u",
                  "url_resolved": "http://node-25.zeno.fm/frsvy955puquv?rj-ttl=5&rj-tok=AAABdYoRToUA6Jk3ZJSBrvz1uQ",
                  "votes": 122,
                },
              ],
              "stationUrls": Array [
                Object {
                  "bitrate": 0,
                  "changeuuid": "11f6ad74-ce58-11e8-a54a-52543be04c81",
                  "clickcount": 365,
                  "clicktimestamp": "2020-11-02 19:53:07",
                  "clicktrend": 6,
                  "codec": "MP3",
                  "country": "Kenya",
                  "countrycode": "KE",
                  "favicon": "http://www.mediamaxnetwork.co.ke/wp-content/uploads/2018/10/Kameme-Fm.jpg",
                  "hls": 0,
                  "homepage": "http://www.mediamaxnetwork.co.ke/kameme-radio/",
                  "language": "kikuyu",
                  "lastchangetime": "2020-01-23 20:40:49",
                  "lastcheckok": 1,
                  "lastcheckoktime": "2020-11-02 17:43:48",
                  "lastchecktime": "2020-11-02 17:43:48",
                  "lastlocalchecktime": "2020-11-02 03:04:47",
                  "name": "Kameme fm",
                  "state": "Nairobi",
                  "stationuuid": "11f6ad62-ce58-11e8-a54a-52543be04c81",
                  "tags": "",
                  "url": "http://www.surfmusic.de/m3u/kameme-101-1-fm,3473.m3u",
                  "url_resolved": "http://node-25.zeno.fm/frsvy955puquv?rj-ttl=5&rj-tok=AAABdYoRToUA6Jk3ZJSBrvz1uQ",
                  "votes": 122,
                },
                Object {
                  "bitrate": 0,
                  "changeuuid": "11f6ad74-ce58-11e8-a54a-52543be04c81",
                  "clickcount": 365,
                  "clicktimestamp": "2020-11-02 19:53:07",
                  "clicktrend": 6,
                  "codec": "MP3",
                  "country": "Kenya",
                  "countrycode": "KE",
                  "favicon": "http://www.mediamaxnetwork.co.ke/wp-content/uploads/2018/10/Kameme-Fm.jpg",
                  "hls": 0,
                  "homepage": "http://www.mediamaxnetwork.co.ke/kameme-radio/",
                  "language": "kikuyu",
                  "lastchangetime": "2020-01-23 20:40:49",
                  "lastcheckok": 1,
                  "lastcheckoktime": "2020-11-02 17:43:48",
                  "lastchecktime": "2020-11-02 17:43:48",
                  "lastlocalchecktime": "2020-11-02 03:04:47",
                  "name": "Kameme fm",
                  "state": "Nairobi",
                  "stationuuid": "11f6ad62-ce58-11e8-a54a-52543be04c81",
                  "tags": "",
                  "url": "http://www.surfmusic.de/m3u/kameme-101-1-fm,3473.m3u",
                  "url_resolved": "http://node-25.zeno.fm/frsvy955puquv?rj-ttl=5&rj-tok=AAABdYoRToUA6Jk3ZJSBrvz1uQ",
                  "votes": 122,
                },
                Object {
                  "bitrate": 0,
                  "changeuuid": "11f6ad74-ce58-11e8-a54a-52543be04c81",
                  "clickcount": 365,
                  "clicktimestamp": "2020-11-02 19:53:07",
                  "clicktrend": 6,
                  "codec": "MP3",
                  "country": "Kenya",
                  "countrycode": "KE",
                  "favicon": "http://www.mediamaxnetwork.co.ke/wp-content/uploads/2018/10/Kameme-Fm.jpg",
                  "hls": 0,
                  "homepage": "http://www.mediamaxnetwork.co.ke/kameme-radio/",
                  "language": "kikuyu",
                  "lastchangetime": "2020-01-23 20:40:49",
                  "lastcheckok": 1,
                  "lastcheckoktime": "2020-11-02 17:43:48",
                  "lastchecktime": "2020-11-02 17:43:48",
                  "lastlocalchecktime": "2020-11-02 03:04:47",
                  "name": "Kameme fm",
                  "state": "Nairobi",
                  "stationuuid": "11f6ad62-ce58-11e8-a54a-52543be04c81",
                  "tags": "",
                  "url": "http://www.surfmusic.de/m3u/kameme-101-1-fm,3473.m3u",
                  "url_resolved": "http://node-25.zeno.fm/frsvy955puquv?rj-ttl=5&rj-tok=AAABdYoRToUA6Jk3ZJSBrvz1uQ",
                  "votes": 122,
                },
                Object {
                  "bitrate": 0,
                  "changeuuid": "11f6ad74-ce58-11e8-a54a-52543be04c81",
                  "clickcount": 365,
                  "clicktimestamp": "2020-11-02 19:53:07",
                  "clicktrend": 6,
                  "codec": "MP3",
                  "country": "Kenya",
                  "countrycode": "KE",
                  "favicon": "http://www.mediamaxnetwork.co.ke/wp-content/uploads/2018/10/Kameme-Fm.jpg",
                  "hls": 0,
                  "homepage": "http://www.mediamaxnetwork.co.ke/kameme-radio/",
                  "language": "kikuyu",
                  "lastchangetime": "2020-01-23 20:40:49",
                  "lastcheckok": 1,
                  "lastcheckoktime": "2020-11-02 17:43:48",
                  "lastchecktime": "2020-11-02 17:43:48",
                  "lastlocalchecktime": "2020-11-02 03:04:47",
                  "name": "Kameme fm",
                  "state": "Nairobi",
                  "stationuuid": "11f6ad62-ce58-11e8-a54a-52543be04c81",
                  "tags": "",
                  "url": "http://www.surfmusic.de/m3u/kameme-101-1-fm,3473.m3u",
                  "url_resolved": "http://node-25.zeno.fm/frsvy955puquv?rj-ttl=5&rj-tok=AAABdYoRToUA6Jk3ZJSBrvz1uQ",
                  "votes": 122,
                },
                Object {
                  "bitrate": 0,
                  "changeuuid": "11f6ad74-ce58-11e8-a54a-52543be04c81",
                  "clickcount": 365,
                  "clicktimestamp": "2020-11-02 19:53:07",
                  "clicktrend": 6,
                  "codec": "MP3",
                  "country": "Kenya",
                  "countrycode": "KE",
                  "favicon": "http://www.mediamaxnetwork.co.ke/wp-content/uploads/2018/10/Kameme-Fm.jpg",
                  "hls": 0,
                  "homepage": "http://www.mediamaxnetwork.co.ke/kameme-radio/",
                  "language": "kikuyu",
                  "lastchangetime": "2020-01-23 20:40:49",
                  "lastcheckok": 1,
                  "lastcheckoktime": "2020-11-02 17:43:48",
                  "lastchecktime": "2020-11-02 17:43:48",
                  "lastlocalchecktime": "2020-11-02 03:04:47",
                  "name": "Kameme fm",
                  "state": "Nairobi",
                  "stationuuid": "11f6ad62-ce58-11e8-a54a-52543be04c81",
                  "tags": "",
                  "url": "http://www.surfmusic.de/m3u/kameme-101-1-fm,3473.m3u",
                  "url_resolved": "http://node-25.zeno.fm/frsvy955puquv?rj-ttl=5&rj-tok=AAABdYoRToUA6Jk3ZJSBrvz1uQ",
                  "votes": 122,
                },
              ],
            },
            "push": [Function],
            "replace": [Function],
          }
        }
      >
        <StationInfo
          currentStation={
            Object {
              "bitrate": 0,
              "changeuuid": "11f6ad74-ce58-11e8-a54a-52543be04c81",
              "clickcount": 365,
              "clicktimestamp": "2020-11-02 19:53:07",
              "clicktrend": 6,
              "codec": "MP3",
              "country": "Kenya",
              "countrycode": "KE",
              "favicon": "http://www.mediamaxnetwork.co.ke/wp-content/uploads/2018/10/Kameme-Fm.jpg",
              "hls": 0,
              "homepage": "http://www.mediamaxnetwork.co.ke/kameme-radio/",
              "language": "kikuyu",
              "lastchangetime": "2020-01-23 20:40:49",
              "lastcheckok": 1,
              "lastcheckoktime": "2020-11-02 17:43:48",
              "lastchecktime": "2020-11-02 17:43:48",
              "lastlocalchecktime": "2020-11-02 03:04:47",
              "name": "Kameme fm",
              "state": "Nairobi",
              "stationuuid": "11f6ad62-ce58-11e8-a54a-52543be04c81",
              "tags": "",
              "url": "http://www.surfmusic.de/m3u/kameme-101-1-fm,3473.m3u",
              "url_resolved": "http://node-25.zeno.fm/frsvy955puquv?rj-ttl=5&rj-tok=AAABdYoRToUA6Jk3ZJSBrvz1uQ",
              "votes": 122,
            }
          }
          imgUrl="https://fake-image/"
          like={true}
          location={
            Object {
              "data": Object {
                "bitrate": 0,
                "changeuuid": "11f6ad74-ce58-11e8-a54a-52543be04c81",
                "clickcount": 365,
                "clicktimestamp": "2020-11-02 19:53:07",
                "clicktrend": 6,
                "codec": "MP3",
                "country": "Kenya",
                "countrycode": "KE",
                "favicon": "http://www.mediamaxnetwork.co.ke/wp-content/uploads/2018/10/Kameme-Fm.jpg",
                "hls": 0,
                "homepage": "http://www.mediamaxnetwork.co.ke/kameme-radio/",
                "language": "kikuyu",
                "lastchangetime": "2020-01-23 20:40:49",
                "lastcheckok": 1,
                "lastcheckoktime": "2020-11-02 17:43:48",
                "lastchecktime": "2020-11-02 17:43:48",
                "lastlocalchecktime": "2020-11-02 03:04:47",
                "name": "Kameme fm",
                "state": "Nairobi",
                "stationuuid": "11f6ad62-ce58-11e8-a54a-52543be04c81",
                "tags": "",
                "url": "http://www.surfmusic.de/m3u/kameme-101-1-fm,3473.m3u",
                "url_resolved": "http://node-25.zeno.fm/frsvy955puquv?rj-ttl=5&rj-tok=AAABdYoRToUA6Jk3ZJSBrvz1uQ",
                "votes": 122,
              },
              "hash": "",
              "key": "",
              "pathname": "",
              "search": "",
              "state": "",
              "stationNames": Array [
                Object {
                  "bitrate": 0,
                  "changeuuid": "11f6ad74-ce58-11e8-a54a-52543be04c81",
                  "clickcount": 365,
                  "clicktimestamp": "2020-11-02 19:53:07",
                  "clicktrend": 6,
                  "codec": "MP3",
                  "country": "Kenya",
                  "countrycode": "KE",
                  "favicon": "http://www.mediamaxnetwork.co.ke/wp-content/uploads/2018/10/Kameme-Fm.jpg",
                  "hls": 0,
                  "homepage": "http://www.mediamaxnetwork.co.ke/kameme-radio/",
                  "language": "kikuyu",
                  "lastchangetime": "2020-01-23 20:40:49",
                  "lastcheckok": 1,
                  "lastcheckoktime": "2020-11-02 17:43:48",
                  "lastchecktime": "2020-11-02 17:43:48",
                  "lastlocalchecktime": "2020-11-02 03:04:47",
                  "name": "Kameme fm",
                  "state": "Nairobi",
                  "stationuuid": "11f6ad62-ce58-11e8-a54a-52543be04c81",
                  "tags": "",
                  "url": "http://www.surfmusic.de/m3u/kameme-101-1-fm,3473.m3u",
                  "url_resolved": "http://node-25.zeno.fm/frsvy955puquv?rj-ttl=5&rj-tok=AAABdYoRToUA6Jk3ZJSBrvz1uQ",
                  "votes": 122,
                },
              ],
              "stationUrls": Array [
                Object {
                  "bitrate": 0,
                  "changeuuid": "11f6ad74-ce58-11e8-a54a-52543be04c81",
                  "clickcount": 365,
                  "clicktimestamp": "2020-11-02 19:53:07",
                  "clicktrend": 6,
                  "codec": "MP3",
                  "country": "Kenya",
                  "countrycode": "KE",
                  "favicon": "http://www.mediamaxnetwork.co.ke/wp-content/uploads/2018/10/Kameme-Fm.jpg",
                  "hls": 0,
                  "homepage": "http://www.mediamaxnetwork.co.ke/kameme-radio/",
                  "language": "kikuyu",
                  "lastchangetime": "2020-01-23 20:40:49",
                  "lastcheckok": 1,
                  "lastcheckoktime": "2020-11-02 17:43:48",
                  "lastchecktime": "2020-11-02 17:43:48",
                  "lastlocalchecktime": "2020-11-02 03:04:47",
                  "name": "Kameme fm",
                  "state": "Nairobi",
                  "stationuuid": "11f6ad62-ce58-11e8-a54a-52543be04c81",
                  "tags": "",
                  "url": "http://www.surfmusic.de/m3u/kameme-101-1-fm,3473.m3u",
                  "url_resolved": "http://node-25.zeno.fm/frsvy955puquv?rj-ttl=5&rj-tok=AAABdYoRToUA6Jk3ZJSBrvz1uQ",
                  "votes": 122,
                },
              ],
            }
          }
          onImageError={[MockFunction]}
          onLike={[MockFunction]}
        >
          <div
            className="player-radio__image col"
          >
            <img
              alt=""
              className="player-audio__station-img"
              onError={[MockFunction]}
              src="https://fake-image/"
            />
          </div>
          <div
            className="player-radio__info col"
          >
            <div
              className="player-radio__country player-item"
            >
              <span
                className="key "
              >
                Name:
              </span>
              <span
                className="value radio-name"
              >
                Kameme fm
              </span>
            </div>
            <div
              className="player-radio__country player-item"
            >
              <span
                className="key"
              >
                Country:
              </span>
              <span
                className="value radio-country"
              >
                <Link
                  className="link"
                  to={[Function]}
                >
                  <LinkAnchor
                    className="link"
                    href="/discover"
                    navigate={[Function]}
                  >
                    <a
                      className="link"
                      href="/discover"
                      onClick={[Function]}
                    >
                      Kenya
                    </a>
                  </LinkAnchor>
                </Link>
              </span>
            </div>
            <div
              className="player-radio__language player-item"
            >
              <span
                className="key"
              >
                Language:
              </span>
              <span
                className="value radio-language"
              >
                kikuyu
              </span>
            </div>
            <div
              className="player-radio__website player-item"
            >
              <span
                className="key"
              >
                Website:
              </span>
              <span
                className="value"
              >
                <a
                  className="link radio-homepage"
                  href="http://www.mediamaxnetwork.co.ke/kameme-radio/"
                >
                  website
                </a>
              </span>
            </div>
            <div
              className="player-radio__tags player-item"
            >
              <span
                className="key"
              >
                Tags:
              </span>
              <span
                className="value radio-tags"
              />
            </div>
            <div
              className="player-radio__country-code player-item"
            >
              <span
                className="key"
              >
                Country Code:
              </span>
              <span
                className="value radio-countrycode"
              >
                KE
              </span>
            </div>
            <div
              className="player-radio__votes player-item"
            >
              <span
                className="key"
              >
                Votes:
              </span>
              <span
                className="value radio-votes"
              >
                122
              </span>
            </div>
            <div
              className="player-audio__actions"
            >
              <a
                className="heart"
                onClick={[MockFunction]}
              />
            </div>
          </div>
        </StationInfo>
      </Router>
    </MemoryRouter>
  </Router>
</BrowserRouter>
`;
